Archive member included to satisfy reference by file (symbol)

c:/st/stm32cubeide_1.6.1/stm32cubeide/plugins/com.st.stm32cube.ide.mcu.externaltools.gnu-tools-for-stm32.9-2020-q2-update.win32_1.5.0.202011040924/tools/bin/../lib/gcc/arm-none-eabi/9.3.1/../../../../arm-none-eabi/lib/thumb/v7e-m+fp/hard\libc_nano.a(lib_a-errno.o)
                              Core/Src/syscalls.o (__errno)
c:/st/stm32cubeide_1.6.1/stm32cubeide/plugins/com.st.stm32cube.ide.mcu.externaltools.gnu-tools-for-stm32.9-2020-q2-update.win32_1.5.0.202011040924/tools/bin/../lib/gcc/arm-none-eabi/9.3.1/../../../../arm-none-eabi/lib/thumb/v7e-m+fp/hard\libc_nano.a(lib_a-exit.o)
                              c:/st/stm32cubeide_1.6.1/stm32cubeide/plugins/com.st.stm32cube.ide.mcu.externaltools.gnu-tools-for-stm32.9-2020-q2-update.win32_1.5.0.202011040924/tools/bin/../lib/gcc/arm-none-eabi/9.3.1/../../../../arm-none-eabi/lib/thumb/v7e-m+fp/hard/crt0.o (exit)
c:/st/stm32cubeide_1.6.1/stm32cubeide/plugins/com.st.stm32cube.ide.mcu.externaltools.gnu-tools-for-stm32.9-2020-q2-update.win32_1.5.0.202011040924/tools/bin/../lib/gcc/arm-none-eabi/9.3.1/../../../../arm-none-eabi/lib/thumb/v7e-m+fp/hard\libc_nano.a(lib_a-impure.o)
                              c:/st/stm32cubeide_1.6.1/stm32cubeide/plugins/com.st.stm32cube.ide.mcu.externaltools.gnu-tools-for-stm32.9-2020-q2-update.win32_1.5.0.202011040924/tools/bin/../lib/gcc/arm-none-eabi/9.3.1/../../../../arm-none-eabi/lib/thumb/v7e-m+fp/hard\libc_nano.a(lib_a-exit.o) (_global_impure_ptr)
c:/st/stm32cubeide_1.6.1/stm32cubeide/plugins/com.st.stm32cube.ide.mcu.externaltools.gnu-tools-for-stm32.9-2020-q2-update.win32_1.5.0.202011040924/tools/bin/../lib/gcc/arm-none-eabi/9.3.1/../../../../arm-none-eabi/lib/thumb/v7e-m+fp/hard\libc_nano.a(lib_a-init.o)
                              c:/st/stm32cubeide_1.6.1/stm32cubeide/plugins/com.st.stm32cube.ide.mcu.externaltools.gnu-tools-for-stm32.9-2020-q2-update.win32_1.5.0.202011040924/tools/bin/../lib/gcc/arm-none-eabi/9.3.1/../../../../arm-none-eabi/lib/thumb/v7e-m+fp/hard/crt0.o (__libc_init_array)
c:/st/stm32cubeide_1.6.1/stm32cubeide/plugins/com.st.stm32cube.ide.mcu.externaltools.gnu-tools-for-stm32.9-2020-q2-update.win32_1.5.0.202011040924/tools/bin/../lib/gcc/arm-none-eabi/9.3.1/../../../../arm-none-eabi/lib/thumb/v7e-m+fp/hard\libc_nano.a(lib_a-memset.o)
                              c:/st/stm32cubeide_1.6.1/stm32cubeide/plugins/com.st.stm32cube.ide.mcu.externaltools.gnu-tools-for-stm32.9-2020-q2-update.win32_1.5.0.202011040924/tools/bin/../lib/gcc/arm-none-eabi/9.3.1/../../../../arm-none-eabi/lib/thumb/v7e-m+fp/hard/crt0.o (memset)
c:/st/stm32cubeide_1.6.1/stm32cubeide/plugins/com.st.stm32cube.ide.mcu.externaltools.gnu-tools-for-stm32.9-2020-q2-update.win32_1.5.0.202011040924/tools/bin/../lib/gcc/arm-none-eabi/9.3.1/thumb/v7e-m+fp/hard\libgcc.a(_aeabi_uldivmod.o)
                              Drivers/STM32F4xx_HAL_Driver/Src/stm32f4xx_hal_rcc.o (__aeabi_uldivmod)
c:/st/stm32cubeide_1.6.1/stm32cubeide/plugins/com.st.stm32cube.ide.mcu.externaltools.gnu-tools-for-stm32.9-2020-q2-update.win32_1.5.0.202011040924/tools/bin/../lib/gcc/arm-none-eabi/9.3.1/thumb/v7e-m+fp/hard\libgcc.a(_udivmoddi4.o)
                              c:/st/stm32cubeide_1.6.1/stm32cubeide/plugins/com.st.stm32cube.ide.mcu.externaltools.gnu-tools-for-stm32.9-2020-q2-update.win32_1.5.0.202011040924/tools/bin/../lib/gcc/arm-none-eabi/9.3.1/thumb/v7e-m+fp/hard\libgcc.a(_aeabi_uldivmod.o) (__udivmoddi4)
c:/st/stm32cubeide_1.6.1/stm32cubeide/plugins/com.st.stm32cube.ide.mcu.externaltools.gnu-tools-for-stm32.9-2020-q2-update.win32_1.5.0.202011040924/tools/bin/../lib/gcc/arm-none-eabi/9.3.1/thumb/v7e-m+fp/hard\libgcc.a(_dvmd_tls.o)
                              c:/st/stm32cubeide_1.6.1/stm32cubeide/plugins/com.st.stm32cube.ide.mcu.externaltools.gnu-tools-for-stm32.9-2020-q2-update.win32_1.5.0.202011040924/tools/bin/../lib/gcc/arm-none-eabi/9.3.1/thumb/v7e-m+fp/hard\libgcc.a(_aeabi_uldivmod.o) (__aeabi_ldiv0)

Allocating common symbols
Common symbol       size              file

rx_payroad          0x20              nRF24L01+/nrf24l01p.o
tx_payroad          0x20              nRF24L01+/nrf24l01p.o
uwTick              0x4               Drivers/STM32F4xx_HAL_Driver/Src/stm32f4xx_hal.o
pFlash              0x20              Drivers/STM32F4xx_HAL_Driver/Src/stm32f4xx_hal_flash.o
ack_payroad         0x20              nRF24L01+/nrf24l01p.o
reg_value_temp2     0x1               Core/Src/main.o
hspi1               0x58              Core/Src/spi.o
reg_value_temp1     0x1               Core/Src/main.o

Discarded input sections

 .text          0x0000000000000000        0x0 c:/st/stm32cubeide_1.6.1/stm32cubeide/plugins/com.st.stm32cube.ide.mcu.externaltools.gnu-tools-for-stm32.9-2020-q2-update.win32_1.5.0.202011040924/tools/bin/../lib/gcc/arm-none-eabi/9.3.1/thumb/v7e-m+fp/hard/crti.o
[...]
Memory Configuration

Name             Origin             Length             Attributes
RAM              0x0000000020000000 0x0000000000020000 xrw
FLASH            0x0000000008000000 0x0000000000080000 xr
*default*        0x0000000000000000 0xffffffffffffffff

Linker script and memory map

LOAD c:/st/stm32cubeide_1.6.1/stm32cubeide/plugins/com.st.stm32cube.ide.mcu.externaltools.gnu-tools-for-stm32.9-2020-q2-update.win32_1.5.0.202011040924/tools/bin/../lib/gcc/arm-none-eabi/9.3.1/thumb/v7e-m+fp/hard/crti.o
LOAD c:/st/stm32cubeide_1.6.1/stm32cubeide/plugins/com.st.stm32cube.ide.mcu.externaltools.gnu-tools-for-stm32.9-2020-q2-update.win32_1.5.0.202011040924/tools/bin/../lib/gcc/arm-none-eabi/9.3.1/thumb/v7e-m+fp/hard/crtbegin.o
LOAD c:/st/stm32cubeide_1.6.1/stm32cubeide/plugins/com.st.stm32cube.ide.mcu.externaltools.gnu-tools-for-stm32.9-2020-q2-update.win32_1.5.0.202011040924/tools/bin/../lib/gcc/arm-none-eabi/9.3.1/../../../../arm-none-eabi/lib/thumb/v7e-m+fp/hard/crt0.o
LOAD Core/Src/gpio.o
LOAD Core/Src/main.o
LOAD Core/Src/spi.o
LOAD Core/Src/stm32f4xx_hal_msp.o
LOAD Core/Src/stm32f4xx_it.o
LOAD Core/Src/syscalls.o
LOAD Core/Src/sysmem.o
LOAD Core/Src/system_stm32f4xx.o
LOAD Core/Startup/startup_stm32f411ceux.o
LOAD Drivers/STM32F4xx_HAL_Driver/Src/stm32f4xx_hal.o
LOAD Drivers/STM32F4xx_HAL_Driver/Src/stm32f4xx_hal_cortex.o
LOAD Drivers/STM32F4xx_HAL_Driver/Src/stm32f4xx_hal_dma.o
LOAD Drivers/STM32F4xx_HAL_Driver/Src/stm32f4xx_hal_dma_ex.o
LOAD Drivers/STM32F4xx_HAL_Driver/Src/stm32f4xx_hal_exti.o
LOAD Drivers/STM32F4xx_HAL_Driver/Src/stm32f4xx_hal_flash.o
LOAD Drivers/STM32F4xx_HAL_Driver/Src/stm32f4xx_hal_flash_ex.o
LOAD Drivers/STM32F4xx_HAL_Driver/Src/stm32f4xx_hal_flash_ramfunc.o
LOAD Drivers/STM32F4xx_HAL_Driver/Src/stm32f4xx_hal_gpio.o
LOAD Drivers/STM32F4xx_HAL_Driver/Src/stm32f4xx_hal_pwr.o
LOAD Drivers/STM32F4xx_HAL_Driver/Src/stm32f4xx_hal_pwr_ex.o
LOAD Drivers/STM32F4xx_HAL_Driver/Src/stm32f4xx_hal_rcc.o
LOAD Drivers/STM32F4xx_HAL_Driver/Src/stm32f4xx_hal_rcc_ex.o
LOAD Drivers/STM32F4xx_HAL_Driver/Src/stm32f4xx_hal_spi.o
LOAD Drivers/STM32F4xx_HAL_Driver/Src/stm32f4xx_hal_tim.o
LOAD Drivers/STM32F4xx_HAL_Driver/Src/stm32f4xx_hal_tim_ex.o
LOAD nRF24L01+/nrf24l01p.o
START GROUP
LOAD c:/st/stm32cubeide_1.6.1/stm32cubeide/plugins/com.st.stm32cube.ide.mcu.externaltools.gnu-tools-for-stm32.9-2020-q2-update.win32_1.5.0.202011040924/tools/bin/../lib/gcc/arm-none-eabi/9.3.1/../../../../arm-none-eabi/lib/thumb/v7e-m+fp/hard\libc_nano.a
LOAD c:/st/stm32cubeide_1.6.1/stm32cubeide/plugins/com.st.stm32cube.ide.mcu.externaltools.gnu-tools-for-stm32.9-2020-q2-update.win32_1.5.0.202011040924/tools/bin/../lib/gcc/arm-none-eabi/9.3.1/../../../../arm-none-eabi/lib/thumb/v7e-m+fp/hard\libm.a
END GROUP
START GROUP
LOAD c:/st/stm32cubeide_1.6.1/stm32cubeide/plugins/com.st.stm32cube.ide.mcu.externaltools.gnu-tools-for-stm32.9-2020-q2-update.win32_1.5.0.202011040924/tools/bin/../lib/gcc/arm-none-eabi/9.3.1/thumb/v7e-m+fp/hard\libgcc.a
LOAD c:/st/stm32cubeide_1.6.1/stm32cubeide/plugins/com.st.stm32cube.ide.mcu.externaltools.gnu-tools-for-stm32.9-2020-q2-update.win32_1.5.0.202011040924/tools/bin/../lib/gcc/arm-none-eabi/9.3.1/../../../../arm-none-eabi/lib/thumb/v7e-m+fp/hard\libc_nano.a
END GROUP
START GROUP
LOAD c:/st/stm32cubeide_1.6.1/stm32cubeide/plugins/com.st.stm32cube.ide.mcu.externaltools.gnu-tools-for-stm32.9-2020-q2-update.win32_1.5.0.202011040924/tools/bin/../lib/gcc/arm-none-eabi/9.3.1/thumb/v7e-m+fp/hard\libgcc.a
LOAD c:/st/stm32cubeide_1.6.1/stm32cubeide/plugins/com.st.stm32cube.ide.mcu.externaltools.gnu-tools-for-stm32.9-2020-q2-update.win32_1.5.0.202011040924/tools/bin/../lib/gcc/arm-none-eabi/9.3.1/../../../../arm-none-eabi/lib/thumb/v7e-m+fp/hard\libc_nano.a
LOAD c:/st/stm32cubeide_1.6.1/stm32cubeide/plugins/com.st.stm32cube.ide.mcu.externaltools.gnu-tools-for-stm32.9-2020-q2-update.win32_1.5.0.202011040924/tools/bin/../lib/gcc/arm-none-eabi/9.3.1/../../../../arm-none-eabi/lib/thumb/v7e-m+fp/hard\libnosys.a
END GROUP
START GROUP
LOAD c:/st/stm32cubeide_1.6.1/stm32cubeide/plugins/com.st.stm32cube.ide.mcu.externaltools.gnu-tools-for-stm32.9-2020-q2-update.win32_1.5.0.202011040924/tools/bin/../lib/gcc/arm-none-eabi/9.3.1/thumb/v7e-m+fp/hard\libgcc.a
LOAD c:/st/stm32cubeide_1.6.1/stm32cubeide/plugins/com.st.stm32cube.ide.mcu.externaltools.gnu-tools-for-stm32.9-2020-q2-update.win32_1.5.0.202011040924/tools/bin/../lib/gcc/arm-none-eabi/9.3.1/../../../../arm-none-eabi/lib/thumb/v7e-m+fp/hard\libc_nano.a
LOAD c:/st/stm32cubeide_1.6.1/stm32cubeide/plugins/com.st.stm32cube.ide.mcu.externaltools.gnu-tools-for-stm32.9-2020-q2-update.win32_1.5.0.202011040924/tools/bin/../lib/gcc/arm-none-eabi/9.3.1/../../../../arm-none-eabi/lib/thumb/v7e-m+fp/hard\libnosys.a
END GROUP
LOAD c:/st/stm32cubeide_1.6.1/stm32cubeide/plugins/com.st.stm32cube.ide.mcu.externaltools.gnu-tools-for-stm32.9-2020-q2-update.win32_1.5.0.202011040924/tools/bin/../lib/gcc/arm-none-eabi/9.3.1/thumb/v7e-m+fp/hard/crtend.o
LOAD c:/st/stm32cubeide_1.6.1/stm32cubeide/plugins/com.st.stm32cube.ide.mcu.externaltools.gnu-tools-for-stm32.9-2020-q2-update.win32_1.5.0.202011040924/tools/bin/../lib/gcc/arm-none-eabi/9.3.1/thumb/v7e-m+fp/hard/crtn.o
                0x0000000020020000                _estack = (ORIGIN (RAM) + LENGTH (RAM))
                0x0000000000000200                _Min_Heap_Size = 0x200
                0x0000000000000400                _Min_Stack_Size = 0x400

.isr_vector     0x0000000008000000      0x198
                0x0000000008000000                . = ALIGN (0x4)
 *(.isr_vector)
 .isr_vector    0x0000000008000000      0x198 Core/Startup/startup_stm32f411ceux.o
                0x0000000008000000                g_pfnVectors
                0x0000000008000198                . = ALIGN (0x4)

.text           0x0000000008000198     0x1eec
                0x0000000008000198                . = ALIGN (0x4)
 *(.text)
 .text          0x0000000008000198       0x40 c:/st/stm32cubeide_1.6.1/stm32cubeide/plugins/com.st.stm32cube.ide.mcu.externaltools.gnu-tools-for-stm32.9-2020-q2-update.win32_1.5.0.202011040924/tools/bin/../lib/gcc/arm-none-eabi/9.3.1/thumb/v7e-m+fp/hard/crtbegin.o
 .text          0x00000000080001d8       0x30 c:/st/stm32cubeide_1.6.1/stm32cubeide/plugins/com.st.stm32cube.ide.mcu.externaltools.gnu-tools-for-stm32.9-2020-q2-update.win32_1.5.0.202011040924/tools/bin/../lib/gcc/arm-none-eabi/9.3.1/thumb/v7e-m+fp/hard\libgcc.a(_aeabi_uldivmod.o)
                0x00000000080001d8                __aeabi_uldivmod
 .text          0x0000000008000208      0x2c4 c:/st/stm32cubeide_1.6.1/stm32cubeide/plugins/com.st.stm32cube.ide.mcu.externaltools.gnu-tools-for-stm32.9-2020-q2-update.win32_1.5.0.202011040924/tools/bin/../lib/gcc/arm-none-eabi/9.3.1/thumb/v7e-m+fp/hard\libgcc.a(_udivmoddi4.o)
                0x0000000008000208                __udivmoddi4
 .text          0x00000000080004cc        0x4 c:/st/stm32cubeide_1.6.1/stm32cubeide/plugins/com.st.stm32cube.ide.mcu.externaltools.gnu-tools-for-stm32.9-2020-q2-update.win32_1.5.0.202011040924/tools/bin/../lib/gcc/arm-none-eabi/9.3.1/thumb/v7e-m+fp/hard\libgcc.a(_dvmd_tls.o)
                0x00000000080004cc                __aeabi_idiv0
                0x00000000080004cc                __aeabi_ldiv0
 *(.text*)
 .text.MX_GPIO_Init
                0x00000000080004d0       0xac Core/Src/gpio.o
                0x00000000080004d0                MX_GPIO_Init
 .text.main     0x000000000800057c       0x3c Core/Src/main.o
                0x000000000800057c                main
 .text.SystemClock_Config
                0x00000000080005b8       0xd0 Core/Src/main.o
                0x00000000080005b8                SystemClock_Config
 .text.Error_Handler
                0x0000000008000688        0xa Core/Src/main.o
                0x0000000008000688                Error_Handler
 *fill*         0x0000000008000692        0x2 
 .text.MX_SPI1_Init
                0x0000000008000694       0x6c Core/Src/spi.o
                0x0000000008000694                MX_SPI1_Init
 .text.HAL_SPI_MspInit
                0x0000000008000700       0x90 Core/Src/spi.o
                0x0000000008000700                HAL_SPI_MspInit
 .text.HAL_MspInit
                0x0000000008000790       0x50 Core/Src/stm32f4xx_hal_msp.o
                0x0000000008000790                HAL_MspInit
 .text.NMI_Handler
                0x00000000080007e0        0x6 Core/Src/stm32f4xx_it.o
                0x00000000080007e0                NMI_Handler
 .text.HardFault_Handler
                0x00000000080007e6        0x6 Core/Src/stm32f4xx_it.o
                0x00000000080007e6                HardFault_Handler
 .text.MemManage_Handler
                0x00000000080007ec        0x6 Core/Src/stm32f4xx_it.o
                0x00000000080007ec                MemManage_Handler
 .text.BusFault_Handler
                0x00000000080007f2        0x6 Core/Src/stm32f4xx_it.o
                0x00000000080007f2                BusFault_Handler
 .text.UsageFault_Handler
                0x00000000080007f8        0x6 Core/Src/stm32f4xx_it.o
                0x00000000080007f8                UsageFault_Handler
 .text.SVC_Handler
                0x00000000080007fe        0xe Core/Src/stm32f4xx_it.o
                0x00000000080007fe                SVC_Handler
 .text.DebugMon_Handler
                0x000000000800080c        0xe Core/Src/stm32f4xx_it.o
                0x000000000800080c                DebugMon_Handler
 .text.PendSV_Handler
                0x000000000800081a        0xe Core/Src/stm32f4xx_it.o
                0x000000000800081a                PendSV_Handler
 .text.SysTick_Handler
                0x0000000008000828        0xc Core/Src/stm32f4xx_it.o
                0x0000000008000828                SysTick_Handler
 .text.SystemInit
                0x0000000008000834       0x24 Core/Src/system_stm32f4xx.o
                0x0000000008000834                SystemInit
 .text.Reset_Handler
                0x0000000008000858       0x50 Core/Startup/startup_stm32f411ceux.o
                0x0000000008000858                Reset_Handler
 .text.Default_Handler
                0x00000000080008a8        0x2 Core/Startup/startup_stm32f411ceux.o
                0x00000000080008a8                RTC_Alarm_IRQHandler
                0x00000000080008a8                EXTI2_IRQHandler
                0x00000000080008a8                SPI4_IRQHandler
                0x00000000080008a8                TIM1_CC_IRQHandler
                0x00000000080008a8                DMA2_Stream5_IRQHandler
                0x00000000080008a8                DMA1_Stream5_IRQHandler
                0x00000000080008a8                PVD_IRQHandler
                0x00000000080008a8                SDIO_IRQHandler
                0x00000000080008a8                TAMP_STAMP_IRQHandler
                0x00000000080008a8                EXTI3_IRQHandler
                0x00000000080008a8                TIM1_UP_TIM10_IRQHandler
                0x00000000080008a8                I2C3_ER_IRQHandler
                0x00000000080008a8                EXTI0_IRQHandler
                0x00000000080008a8                I2C2_EV_IRQHandler
                0x00000000080008a8                DMA1_Stream2_IRQHandler
                0x00000000080008a8                FPU_IRQHandler
                0x00000000080008a8                DMA2_Stream2_IRQHandler
                0x00000000080008a8                SPI1_IRQHandler
                0x00000000080008a8                TIM1_BRK_TIM9_IRQHandler
                0x00000000080008a8                DMA2_Stream3_IRQHandler
                0x00000000080008a8                USART6_IRQHandler
                0x00000000080008a8                DMA2_Stream0_IRQHandler
                0x00000000080008a8                TIM4_IRQHandler
                0x00000000080008a8                I2C1_EV_IRQHandler
                0x00000000080008a8                DMA1_Stream6_IRQHandler
                0x00000000080008a8                DMA1_Stream1_IRQHandler
                0x00000000080008a8                TIM3_IRQHandler
                0x00000000080008a8                RCC_IRQHandler
                0x00000000080008a8                Default_Handler
                0x00000000080008a8                EXTI15_10_IRQHandler
                0x00000000080008a8                ADC_IRQHandler
                0x00000000080008a8                DMA1_Stream7_IRQHandler
                0x00000000080008a8                SPI5_IRQHandler
                0x00000000080008a8                TIM5_IRQHandler
                0x00000000080008a8                DMA2_Stream7_IRQHandler
                0x00000000080008a8                I2C3_EV_IRQHandler
                0x00000000080008a8                EXTI9_5_IRQHandler
                0x00000000080008a8                RTC_WKUP_IRQHandler
                0x00000000080008a8                SPI2_IRQHandler
                0x00000000080008a8                DMA1_Stream0_IRQHandler
                0x00000000080008a8                EXTI4_IRQHandler
                0x00000000080008a8                WWDG_IRQHandler
                0x00000000080008a8                TIM2_IRQHandler
                0x00000000080008a8                OTG_FS_WKUP_IRQHandler
                0x00000000080008a8                TIM1_TRG_COM_TIM11_IRQHandler
                0x00000000080008a8                EXTI1_IRQHandler
                0x00000000080008a8                USART2_IRQHandler
                0x00000000080008a8                I2C2_ER_IRQHandler
                0x00000000080008a8                DMA2_Stream1_IRQHandler
                0x00000000080008a8                FLASH_IRQHandler
                0x00000000080008a8                DMA2_Stream4_IRQHandler
                0x00000000080008a8                USART1_IRQHandler
                0x00000000080008a8                OTG_FS_IRQHandler
                0x00000000080008a8                SPI3_IRQHandler
                0x00000000080008a8                DMA1_Stream4_IRQHandler
                0x00000000080008a8                I2C1_ER_IRQHandler
                0x00000000080008a8                DMA2_Stream6_IRQHandler
                0x00000000080008a8                DMA1_Stream3_IRQHandler
 *fill*         0x00000000080008aa        0x2 
 .text.HAL_Init
                0x00000000080008ac       0x44 Drivers/STM32F4xx_HAL_Driver/Src/stm32f4xx_hal.o
                0x00000000080008ac                HAL_Init
 .text.HAL_InitTick
                0x00000000080008f0       0x60 Drivers/STM32F4xx_HAL_Driver/Src/stm32f4xx_hal.o
                0x00000000080008f0                HAL_InitTick
 .text.HAL_IncTick
                0x0000000008000950       0x28 Drivers/STM32F4xx_HAL_Driver/Src/stm32f4xx_hal.o
                0x0000000008000950                HAL_IncTick
 .text.HAL_GetTick
                0x0000000008000978       0x18 Drivers/STM32F4xx_HAL_Driver/Src/stm32f4xx_hal.o
                0x0000000008000978                HAL_GetTick
 .text.__NVIC_SetPriorityGrouping
                0x0000000008000990       0x48 Drivers/STM32F4xx_HAL_Driver/Src/stm32f4xx_hal_cortex.o
 .text.__NVIC_GetPriorityGrouping
                0x00000000080009d8       0x1c Drivers/STM32F4xx_HAL_Driver/Src/stm32f4xx_hal_cortex.o
 .text.__NVIC_SetPriority
                0x00000000080009f4       0x54 Drivers/STM32F4xx_HAL_Driver/Src/stm32f4xx_hal_cortex.o
 .text.NVIC_EncodePriority
                0x0000000008000a48       0x66 Drivers/STM32F4xx_HAL_Driver/Src/stm32f4xx_hal_cortex.o
 *fill*         0x0000000008000aae        0x2 
 .text.SysTick_Config
                0x0000000008000ab0       0x44 Drivers/STM32F4xx_HAL_Driver/Src/stm32f4xx_hal_cortex.o
 .text.HAL_NVIC_SetPriorityGrouping
                0x0000000008000af4       0x16 Drivers/STM32F4xx_HAL_Driver/Src/stm32f4xx_hal_cortex.o
                0x0000000008000af4                HAL_NVIC_SetPriorityGrouping
 .text.HAL_NVIC_SetPriority
                0x0000000008000b0a       0x38 Drivers/STM32F4xx_HAL_Driver/Src/stm32f4xx_hal_cortex.o
                0x0000000008000b0a                HAL_NVIC_SetPriority
 .text.HAL_SYSTICK_Config
                0x0000000008000b42       0x18 Drivers/STM32F4xx_HAL_Driver/Src/stm32f4xx_hal_cortex.o
                0x0000000008000b42                HAL_SYSTICK_Config
 *fill*         0x0000000008000b5a        0x2 
 .text.HAL_GPIO_Init
                0x0000000008000b5c      0x308 Drivers/STM32F4xx_HAL_Driver/Src/stm32f4xx_hal_gpio.o
                0x0000000008000b5c                HAL_GPIO_Init
 .text.HAL_GPIO_WritePin
                0x0000000008000e64       0x32 Drivers/STM32F4xx_HAL_Driver/Src/stm32f4xx_hal_gpio.o
                0x0000000008000e64                HAL_GPIO_WritePin
 *fill*         0x0000000008000e96        0x2 
 .text.HAL_RCC_OscConfig
                0x0000000008000e98      0x4f0 Drivers/STM32F4xx_HAL_Driver/Src/stm32f4xx_hal_rcc.o
                0x0000000008000e98                HAL_RCC_OscConfig
 .text.HAL_RCC_ClockConfig
                0x0000000008001388      0x1cc Drivers/STM32F4xx_HAL_Driver/Src/stm32f4xx_hal_rcc.o
                0x0000000008001388                HAL_RCC_ClockConfig
 .text.HAL_RCC_GetSysClockFreq
                0x0000000008001554      0x16c Drivers/STM32F4xx_HAL_Driver/Src/stm32f4xx_hal_rcc.o
                0x0000000008001554                HAL_RCC_GetSysClockFreq
 .text.HAL_SPI_Init
                0x00000000080016c0      0x112 Drivers/STM32F4xx_HAL_Driver/Src/stm32f4xx_hal_spi.o
                0x00000000080016c0                HAL_SPI_Init
 .text.HAL_SPI_Receive
                0x00000000080017d2      0x222 Drivers/STM32F4xx_HAL_Driver/Src/stm32f4xx_hal_spi.o
                0x00000000080017d2                HAL_SPI_Receive
 .text.HAL_SPI_TransmitReceive
                0x00000000080019f4      0x344 Drivers/STM32F4xx_HAL_Driver/Src/stm32f4xx_hal_spi.o
                0x00000000080019f4                HAL_SPI_TransmitReceive
 .text.SPI_WaitFlagStateUntilTimeout
                0x0000000008001d38      0x110 Drivers/STM32F4xx_HAL_Driver/Src/stm32f4xx_hal_spi.o
 .text.SPI_EndRxTransaction
                0x0000000008001e48       0xca Drivers/STM32F4xx_HAL_Driver/Src/stm32f4xx_hal_spi.o
 *fill*         0x0000000008001f12        0x2 
 .text.SPI_EndRxTxTransaction
                0x0000000008001f14       0x84 Drivers/STM32F4xx_HAL_Driver/Src/stm32f4xx_hal_spi.o
 .text.cs_high  0x0000000008001f98       0x18 nRF24L01+/nrf24l01p.o
 .text.cs_low   0x0000000008001fb0       0x18 nRF24L01+/nrf24l01p.o
 .text.nrf24l01p_cmd_r_register
                0x0000000008001fc8       0x4c nRF24L01+/nrf24l01p.o
                0x0000000008001fc8                nrf24l01p_cmd_r_register
 .text.__libc_init_array
                0x0000000008002014       0x48 c:/st/stm32cubeide_1.6.1/stm32cubeide/plugins/com.st.stm32cube.ide.mcu.externaltools.gnu-tools-for-stm32.9-2020-q2-update.win32_1.5.0.202011040924/tools/bin/../lib/gcc/arm-none-eabi/9.3.1/../../../../arm-none-eabi/lib/thumb/v7e-m+fp/hard\libc_nano.a(lib_a-init.o)
                0x0000000008002014                __libc_init_array
 .text.memset   0x000000000800205c       0x10 c:/st/stm32cubeide_1.6.1/stm32cubeide/plugins/com.st.stm32cube.ide.mcu.externaltools.gnu-tools-for-stm32.9-2020-q2-update.win32_1.5.0.202011040924/tools/bin/../lib/gcc/arm-none-eabi/9.3.1/../../../../arm-none-eabi/lib/thumb/v7e-m+fp/hard\libc_nano.a(lib_a-memset.o)
                0x000000000800205c                memset
 *(.glue_7)
 .glue_7        0x000000000800206c        0x0 linker stubs
 *(.glue_7t)
 .glue_7t       0x000000000800206c        0x0 linker stubs
 *(.eh_frame)
 .eh_frame      0x000000000800206c        0x0 c:/st/stm32cubeide_1.6.1/stm32cubeide/plugins/com.st.stm32cube.ide.mcu.externaltools.gnu-tools-for-stm32.9-2020-q2-update.win32_1.5.0.202011040924/tools/bin/../lib/gcc/arm-none-eabi/9.3.1/thumb/v7e-m+fp/hard/crtbegin.o
 *(.init)
 .init          0x000000000800206c        0x4 c:/st/stm32cubeide_1.6.1/stm32cubeide/plugins/com.st.stm32cube.ide.mcu.externaltools.gnu-tools-for-stm32.9-2020-q2-update.win32_1.5.0.202011040924/tools/bin/../lib/gcc/arm-none-eabi/9.3.1/thumb/v7e-m+fp/hard/crti.o
                0x000000000800206c                _init
 .init          0x0000000008002070        0x8 c:/st/stm32cubeide_1.6.1/stm32cubeide/plugins/com.st.stm32cube.ide.mcu.externaltools.gnu-tools-for-stm32.9-2020-q2-update.win32_1.5.0.202011040924/tools/bin/../lib/gcc/arm-none-eabi/9.3.1/thumb/v7e-m+fp/hard/crtn.o
 *(.fini)
 .fini          0x0000000008002078        0x4 c:/st/stm32cubeide_1.6.1/stm32cubeide/plugins/com.st.stm32cube.ide.mcu.externaltools.gnu-tools-for-stm32.9-2020-q2-update.win32_1.5.0.202011040924/tools/bin/../lib/gcc/arm-none-eabi/9.3.1/thumb/v7e-m+fp/hard/crti.o
                0x0000000008002078                _fini
 .fini          0x000000000800207c        0x8 c:/st/stm32cubeide_1.6.1/stm32cubeide/plugins/com.st.stm32cube.ide.mcu.externaltools.gnu-tools-for-stm32.9-2020-q2-update.win32_1.5.0.202011040924/tools/bin/../lib/gcc/arm-none-eabi/9.3.1/thumb/v7e-m+fp/hard/crtn.o
                0x0000000008002084                . = ALIGN (0x4)
                0x0000000008002084                _etext = .

.vfp11_veneer   0x0000000008002084        0x0
 .vfp11_veneer  0x0000000008002084        0x0 linker stubs

.v4_bx          0x0000000008002084        0x0
 .v4_bx         0x0000000008002084        0x0 linker stubs

.iplt           0x0000000008002084        0x0
 .iplt          0x0000000008002084        0x0 c:/st/stm32cubeide_1.6.1/stm32cubeide/plugins/com.st.stm32cube.ide.mcu.externaltools.gnu-tools-for-stm32.9-2020-q2-update.win32_1.5.0.202011040924/tools/bin/../lib/gcc/arm-none-eabi/9.3.1/thumb/v7e-m+fp/hard/crtbegin.o

.rodata         0x0000000008002084       0x10
                0x0000000008002084                . = ALIGN (0x4)
 *(.rodata)
 *(.rodata*)
 .rodata.AHBPrescTable
                0x0000000008002084       0x10 Core/Src/system_stm32f4xx.o
                0x0000000008002084                AHBPrescTable
                0x0000000008002094                . = ALIGN (0x4)

.ARM.extab      0x0000000008002094        0x0
                0x0000000008002094                . = ALIGN (0x4)
 *(.ARM.extab* .gnu.linkonce.armextab.*)
                0x0000000008002094                . = ALIGN (0x4)

.ARM            0x0000000008002094        0x8
                0x0000000008002094                . = ALIGN (0x4)
                0x0000000008002094                __exidx_start = .
 *(.ARM.exidx*)
 .ARM.exidx     0x0000000008002094        0x8 c:/st/stm32cubeide_1.6.1/stm32cubeide/plugins/com.st.stm32cube.ide.mcu.externaltools.gnu-tools-for-stm32.9-2020-q2-update.win32_1.5.0.202011040924/tools/bin/../lib/gcc/arm-none-eabi/9.3.1/thumb/v7e-m+fp/hard\libgcc.a(_udivmoddi4.o)
                0x000000000800209c                __exidx_end = .
                0x000000000800209c                . = ALIGN (0x4)

.rel.dyn        0x000000000800209c        0x0
 .rel.iplt      0x000000000800209c        0x0 c:/st/stm32cubeide_1.6.1/stm32cubeide/plugins/com.st.stm32cube.ide.mcu.externaltools.gnu-tools-for-stm32.9-2020-q2-update.win32_1.5.0.202011040924/tools/bin/../lib/gcc/arm-none-eabi/9.3.1/thumb/v7e-m+fp/hard/crtbegin.o

.preinit_array  0x000000000800209c        0x0
                0x000000000800209c                . = ALIGN (0x4)
                0x000000000800209c                PROVIDE (__preinit_array_start = .)
 *(.preinit_array*)
                0x000000000800209c                PROVIDE (__preinit_array_end = .)
                0x000000000800209c                . = ALIGN (0x4)

.init_array     0x000000000800209c        0x4
                0x000000000800209c                . = ALIGN (0x4)
                0x000000000800209c                PROVIDE (__init_array_start = .)
 *(SORT_BY_NAME(.init_array.*))
 *(.init_array*)
 .init_array    0x000000000800209c        0x4 c:/st/stm32cubeide_1.6.1/stm32cubeide/plugins/com.st.stm32cube.ide.mcu.externaltools.gnu-tools-for-stm32.9-2020-q2-update.win32_1.5.0.202011040924/tools/bin/../lib/gcc/arm-none-eabi/9.3.1/thumb/v7e-m+fp/hard/crtbegin.o
                0x00000000080020a0                PROVIDE (__init_array_end = .)
                0x00000000080020a0                . = ALIGN (0x4)

.fini_array     0x00000000080020a0        0x4
                0x00000000080020a0                . = ALIGN (0x4)
                [!provide]                        PROVIDE (__fini_array_start = .)
 *(SORT_BY_NAME(.fini_array.*))
 *(.fini_array*)
 .fini_array    0x00000000080020a0        0x4 c:/st/stm32cubeide_1.6.1/stm32cubeide/plugins/com.st.stm32cube.ide.mcu.externaltools.gnu-tools-for-stm32.9-2020-q2-update.win32_1.5.0.202011040924/tools/bin/../lib/gcc/arm-none-eabi/9.3.1/thumb/v7e-m+fp/hard/crtbegin.o
                [!provide]                        PROVIDE (__fini_array_end = .)
                0x00000000080020a4                . = ALIGN (0x4)
                0x00000000080020a4                _sidata = LOADADDR (.data)

.data           0x0000000020000000        0xc load address 0x00000000080020a4
                0x0000000020000000                . = ALIGN (0x4)
                0x0000000020000000                _sdata = .
 *(.data)
 *(.data*)
 .data.SystemCoreClock
                0x0000000020000000        0x4 Core/Src/system_stm32f4xx.o
                0x0000000020000000                SystemCoreClock
 .data.uwTickPrio
                0x0000000020000004        0x4 Drivers/STM32F4xx_HAL_Driver/Src/stm32f4xx_hal.o
                0x0000000020000004                uwTickPrio
 .data.uwTickFreq
                0x0000000020000008        0x1 Drivers/STM32F4xx_HAL_Driver/Src/stm32f4xx_hal.o
                0x0000000020000008                uwTickFreq
 *(.RamFunc)
 *(.RamFunc*)
                0x000000002000000c                . = ALIGN (0x4)
 *fill*         0x0000000020000009        0x3 
                0x000000002000000c                _edata = .

.igot.plt       0x000000002000000c        0x0 load address 0x00000000080020b0
 .igot.plt      0x000000002000000c        0x0 c:/st/stm32cubeide_1.6.1/stm32cubeide/plugins/com.st.stm32cube.ide.mcu.externaltools.gnu-tools-for-stm32.9-2020-q2-update.win32_1.5.0.202011040924/tools/bin/../lib/gcc/arm-none-eabi/9.3.1/thumb/v7e-m+fp/hard/crtbegin.o
                0x000000002000000c                . = ALIGN (0x4)

.bss            0x000000002000000c       0x7c load address 0x00000000080020b0
                0x000000002000000c                _sbss = .
                0x000000002000000c                __bss_start__ = _sbss
 *(.bss)
 .bss           0x000000002000000c       0x1c c:/st/stm32cubeide_1.6.1/stm32cubeide/plugins/com.st.stm32cube.ide.mcu.externaltools.gnu-tools-for-stm32.9-2020-q2-update.win32_1.5.0.202011040924/tools/bin/../lib/gcc/arm-none-eabi/9.3.1/thumb/v7e-m+fp/hard/crtbegin.o
 *(.bss*)
 *(COMMON)
 COMMON         0x0000000020000028        0x2 Core/Src/main.o
                0x0000000020000028                reg_value_temp2
                0x0000000020000029                reg_value_temp1
 *fill*         0x000000002000002a        0x2 
 COMMON         0x000000002000002c       0x58 Core/Src/spi.o
                0x000000002000002c                hspi1
 COMMON         0x0000000020000084        0x4 Drivers/STM32F4xx_HAL_Driver/Src/stm32f4xx_hal.o
                0x0000000020000084                uwTick
                0x0000000020000088                . = ALIGN (0x4)
                0x0000000020000088                _ebss = .
                0x0000000020000088                __bss_end__ = _ebss

._user_heap_stack
                0x0000000020000088      0x600 load address 0x00000000080020b0
                0x0000000020000088                . = ALIGN (0x8)
                [!provide]                        PROVIDE (end = .)
                0x0000000020000088                PROVIDE (_end = .)
                0x0000000020000288                . = (. + _Min_Heap_Size)
 *fill*         0x0000000020000088      0x200 
                0x0000000020000688                . = (. + _Min_Stack_Size)
 *fill*         0x0000000020000288      0x400 
                0x0000000020000688                . = ALIGN (0x8)

/DISCARD/
 libc.a(*)
 libm.a(*)
 libgcc.a(*)

.ARM.attributes
                0x0000000000000000       0x30
 *(.ARM.attributes)
 .ARM.attributes
                0x0000000000000000       0x1e c:/st/stm32cubeide_1.6.1/stm32cubeide/plugins/com.st.stm32cube.ide.mcu.externaltools.gnu-tools-for-stm32.9-2020-q2-update.win32_1.5.0.202011040924/tools/bin/../lib/gcc/arm-none-eabi/9.3.1/thumb/v7e-m+fp/hard/crti.o
 .ARM.attributes
                0x000000000000001e       0x34 c:/st/stm32cubeide_1.6.1/stm32cubeide/plugins/com.st.stm32cube.ide.mcu.externaltools.gnu-tools-for-stm32.9-2020-q2-update.win32_1.5.0.202011040924/tools/bin/../lib/gcc/arm-none-eabi/9.3.1/thumb/v7e-m+fp/hard/crtbegin.o
 .ARM.attributes
                0x0000000000000052       0x34 Core/Src/gpio.o
 .ARM.attributes
                0x0000000000000086       0x34 Core/Src/main.o
 .ARM.attributes
                0x00000000000000ba       0x34 Core/Src/spi.o
 .ARM.attributes
                0x00000000000000ee       0x34 Core/Src/stm32f4xx_hal_msp.o
 .ARM.attributes
                0x0000000000000122       0x34 Core/Src/stm32f4xx_it.o
 .ARM.attributes
                0x0000000000000156       0x34 Core/Src/system_stm32f4xx.o
 .ARM.attributes
                0x000000000000018a       0x21 Core/Startup/startup_stm32f411ceux.o
 .ARM.attributes
                0x00000000000001ab       0x34 Drivers/STM32F4xx_HAL_Driver/Src/stm32f4xx_hal.o
 .ARM.attributes
                0x00000000000001df       0x34 Drivers/STM32F4xx_HAL_Driver/Src/stm32f4xx_hal_cortex.o
 .ARM.attributes
                0x0000000000000213       0x34 Drivers/STM32F4xx_HAL_Driver/Src/stm32f4xx_hal_gpio.o
 .ARM.attributes
                0x0000000000000247       0x34 Drivers/STM32F4xx_HAL_Driver/Src/stm32f4xx_hal_rcc.o
 .ARM.attributes
                0x000000000000027b       0x34 Drivers/STM32F4xx_HAL_Driver/Src/stm32f4xx_hal_spi.o
 .ARM.attributes
                0x00000000000002af       0x34 nRF24L01+/nrf24l01p.o
 .ARM.attributes
                0x00000000000002e3       0x34 c:/st/stm32cubeide_1.6.1/stm32cubeide/plugins/com.st.stm32cube.ide.mcu.externaltools.gnu-tools-for-stm32.9-2020-q2-update.win32_1.5.0.202011040924/tools/bin/../lib/gcc/arm-none-eabi/9.3.1/../../../../arm-none-eabi/lib/thumb/v7e-m+fp/hard\libc_nano.a(lib_a-init.o)
 .ARM.attributes
                0x0000000000000317       0x34 c:/st/stm32cubeide_1.6.1/stm32cubeide/plugins/com.st.stm32cube.ide.mcu.externaltools.gnu-tools-for-stm32.9-2020-q2-update.win32_1.5.0.202011040924/tools/bin/../lib/gcc/arm-none-eabi/9.3.1/../../../../arm-none-eabi/lib/thumb/v7e-m+fp/hard\libc_nano.a(lib_a-memset.o)
 .ARM.attributes
                0x000000000000034b       0x1e c:/st/stm32cubeide_1.6.1/stm32cubeide/plugins/com.st.stm32cube.ide.mcu.externaltools.gnu-tools-for-stm32.9-2020-q2-update.win32_1.5.0.202011040924/tools/bin/../lib/gcc/arm-none-eabi/9.3.1/thumb/v7e-m+fp/hard\libgcc.a(_aeabi_uldivmod.o)
 .ARM.attributes
                0x0000000000000369       0x34 c:/st/stm32cubeide_1.6.1/stm32cubeide/plugins/com.st.stm32cube.ide.mcu.externaltools.gnu-tools-for-stm32.9-2020-q2-update.win32_1.5.0.202011040924/tools/bin/../lib/gcc/arm-none-eabi/9.3.1/thumb/v7e-m+fp/hard\libgcc.a(_udivmoddi4.o)
 .ARM.attributes
                0x000000000000039d       0x1e c:/st/stm32cubeide_1.6.1/stm32cubeide/plugins/com.st.stm32cube.ide.mcu.externaltools.gnu-tools-for-stm32.9-2020-q2-update.win32_1.5.0.202011040924/tools/bin/../lib/gcc/arm-none-eabi/9.3.1/thumb/v7e-m+fp/hard\libgcc.a(_dvmd_tls.o)
 .ARM.attributes
                0x00000000000003bb       0x1e c:/st/stm32cubeide_1.6.1/stm32cubeide/plugins/com.st.stm32cube.ide.mcu.externaltools.gnu-tools-for-stm32.9-2020-q2-update.win32_1.5.0.202011040924/tools/bin/../lib/gcc/arm-none-eabi/9.3.1/thumb/v7e-m+fp/hard/crtn.o
OUTPUT(stm32f411_fw_nrf24l01_plus.elf elf32-littlearm)
LOAD linker stubs
LOAD c:/st/stm32cubeide_1.6.1/stm32cubeide/plugins/com.st.stm32cube.ide.mcu.externaltools.gnu-tools-for-stm32.9-2020-q2-update.win32_1.5.0.202011040924/tools/bin/../lib/gcc/arm-none-eabi/9.3.1/../../../../arm-none-eabi/lib/thumb/v7e-m+fp/hard\libc.a
LOAD c:/st/stm32cubeide_1.6.1/stm32cubeide/plugins/com.st.stm32cube.ide.mcu.externaltools.gnu-tools-for-stm32.9-2020-q2-update.win32_1.5.0.202011040924/tools/bin/../lib/gcc/arm-none-eabi/9.3.1/../../../../arm-none-eabi/lib/thumb/v7e-m+fp/hard\libm.a
LOAD c:/st/stm32cubeide_1.6.1/stm32cubeide/plugins/com.st.stm32cube.ide.mcu.externaltools.gnu-tools-for-stm32.9-2020-q2-update.win32_1.5.0.202011040924/tools/bin/../lib/gcc/arm-none-eabi/9.3.1/thumb/v7e-m+fp/hard\libgcc.a

.debug_info     0x0000000000000000     0x787d
 .debug_info    0x0000000000000000      0x521 Core/Src/gpio.o
 .debug_info    0x0000000000000521      0xafc Core/Src/main.o
 .debug_info    0x000000000000101d      0xa7e Core/Src/spi.o
 .debug_info    0x0000000000001a9b      0x3c0 Core/Src/stm32f4xx_hal_msp.o
 .debug_info    0x0000000000001e5b      0x222 Core/Src/stm32f4xx_it.o
 .debug_info    0x000000000000207d      0x5d0 Core/Src/system_stm32f4xx.o
 .debug_info    0x000000000000264d       0x22 Core/Startup/startup_stm32f411ceux.o
 .debug_info    0x000000000000266f      0x944 Drivers/STM32F4xx_HAL_Driver/Src/stm32f4xx_hal.o
 .debug_info    0x0000000000002fb3      0xe47 Drivers/STM32F4xx_HAL_Driver/Src/stm32f4xx_hal_cortex.o
 .debug_info    0x0000000000003dfa      0x862 Drivers/STM32F4xx_HAL_Driver/Src/stm32f4xx_hal_gpio.o
 .debug_info    0x000000000000465c      0x9be Drivers/STM32F4xx_HAL_Driver/Src/stm32f4xx_hal_rcc.o
 .debug_info    0x000000000000501a     0x17b8 Drivers/STM32F4xx_HAL_Driver/Src/stm32f4xx_hal_spi.o
 .debug_info    0x00000000000067d2     0x10ab nRF24L01+/nrf24l01p.o

.debug_abbrev   0x0000000000000000     0x174b
 .debug_abbrev  0x0000000000000000      0x14e Core/Src/gpio.o
 .debug_abbrev  0x000000000000014e      0x1ee Core/Src/main.o
 .debug_abbrev  0x000000000000033c      0x1bb Core/Src/spi.o
 .debug_abbrev  0x00000000000004f7      0x11d Core/Src/stm32f4xx_hal_msp.o
 .debug_abbrev  0x0000000000000614       0xd2 Core/Src/stm32f4xx_it.o
 .debug_abbrev  0x00000000000006e6      0x145 Core/Src/system_stm32f4xx.o
 .debug_abbrev  0x000000000000082b       0x12 Core/Startup/startup_stm32f411ceux.o
 .debug_abbrev  0x000000000000083d      0x21e Drivers/STM32F4xx_HAL_Driver/Src/stm32f4xx_hal.o
 .debug_abbrev  0x0000000000000a5b      0x33c Drivers/STM32F4xx_HAL_Driver/Src/stm32f4xx_hal_cortex.o
 .debug_abbrev  0x0000000000000d97      0x1f1 Drivers/STM32F4xx_HAL_Driver/Src/stm32f4xx_hal_gpio.o
 .debug_abbrev  0x0000000000000f88      0x275 Drivers/STM32F4xx_HAL_Driver/Src/stm32f4xx_hal_rcc.o
 .debug_abbrev  0x00000000000011fd      0x26e Drivers/STM32F4xx_HAL_Driver/Src/stm32f4xx_hal_spi.o
 .debug_abbrev  0x000000000000146b      0x2e0 nRF24L01+/nrf24l01p.o

.debug_aranges  0x0000000000000000      0x7d0
 .debug_aranges
                0x0000000000000000       0x20 Core/Src/gpio.o
 .debug_aranges
                0x0000000000000020       0x30 Core/Src/main.o
 .debug_aranges
                0x0000000000000050       0x30 Core/Src/spi.o
 .debug_aranges
                0x0000000000000080       0x20 Core/Src/stm32f4xx_hal_msp.o
 .debug_aranges
                0x00000000000000a0       0x60 Core/Src/stm32f4xx_it.o
 .debug_aranges
                0x0000000000000100       0x28 Core/Src/system_stm32f4xx.o
 .debug_aranges
                0x0000000000000128       0x28 Core/Startup/startup_stm32f411ceux.o
 .debug_aranges
                0x0000000000000150       0xf0 Drivers/STM32F4xx_HAL_Driver/Src/stm32f4xx_hal.o
 .debug_aranges
                0x0000000000000240      0x118 Drivers/STM32F4xx_HAL_Driver/Src/stm32f4xx_hal_cortex.o
 .debug_aranges
                0x0000000000000358       0x58 Drivers/STM32F4xx_HAL_Driver/Src/stm32f4xx_hal_gpio.o
 .debug_aranges
                0x00000000000003b0       0x88 Drivers/STM32F4xx_HAL_Driver/Src/stm32f4xx_hal_rcc.o
 .debug_aranges
                0x0000000000000438      0x1d0 Drivers/STM32F4xx_HAL_Driver/Src/stm32f4xx_hal_spi.o
 .debug_aranges
                0x0000000000000608      0x1c8 nRF24L01+/nrf24l01p.o

.debug_ranges   0x0000000000000000      0x708
 .debug_ranges  0x0000000000000000       0x10 Core/Src/gpio.o
 .debug_ranges  0x0000000000000010       0x20 Core/Src/main.o
 .debug_ranges  0x0000000000000030       0x20 Core/Src/spi.o
 .debug_ranges  0x0000000000000050       0x10 Core/Src/stm32f4xx_hal_msp.o
 .debug_ranges  0x0000000000000060       0x50 Core/Src/stm32f4xx_it.o
 .debug_ranges  0x00000000000000b0       0x18 Core/Src/system_stm32f4xx.o
 .debug_ranges  0x00000000000000c8       0x20 Core/Startup/startup_stm32f411ceux.o
 .debug_ranges  0x00000000000000e8       0xe0 Drivers/STM32F4xx_HAL_Driver/Src/stm32f4xx_hal.o
 .debug_ranges  0x00000000000001c8      0x108 Drivers/STM32F4xx_HAL_Driver/Src/stm32f4xx_hal_cortex.o
 .debug_ranges  0x00000000000002d0       0x48 Drivers/STM32F4xx_HAL_Driver/Src/stm32f4xx_hal_gpio.o
 .debug_ranges  0x0000000000000318       0x78 Drivers/STM32F4xx_HAL_Driver/Src/stm32f4xx_hal_rcc.o
 .debug_ranges  0x0000000000000390      0x1c0 Drivers/STM32F4xx_HAL_Driver/Src/stm32f4xx_hal_spi.o
 .debug_ranges  0x0000000000000550      0x1b8 nRF24L01+/nrf24l01p.o

.debug_macro    0x0000000000000000    0x14ebc
 .debug_macro   0x0000000000000000      0x1d3 Core/Src/gpio.o
 .debug_macro   0x00000000000001d3      0xaa8 Core/Src/gpio.o
 .debug_macro   0x0000000000000c7b      0x295 Core/Src/gpio.o
 .debug_macro   0x0000000000000f10       0x2e Core/Src/gpio.o
 .debug_macro   0x0000000000000f3e       0x28 Core/Src/gpio.o
 .debug_macro   0x0000000000000f66       0x22 Core/Src/gpio.o
 .debug_macro   0x0000000000000f88       0x8e Core/Src/gpio.o
 .debug_macro   0x0000000000001016       0x51 Core/Src/gpio.o
 .debug_macro   0x0000000000001067      0x103 Core/Src/gpio.o
 .debug_macro   0x000000000000116a       0x6a Core/Src/gpio.o
 .debug_macro   0x00000000000011d4      0x1df Core/Src/gpio.o
 .debug_macro   0x00000000000013b3       0x1c Core/Src/gpio.o
 .debug_macro   0x00000000000013cf       0x22 Core/Src/gpio.o
 .debug_macro   0x00000000000013f1       0xdf Core/Src/gpio.o
 .debug_macro   0x00000000000014d0     0x102d Core/Src/gpio.o
 .debug_macro   0x00000000000024fd      0x11f Core/Src/gpio.o
 .debug_macro   0x000000000000261c     0xb937 Core/Src/gpio.o
 .debug_macro   0x000000000000df53       0x43 Core/Src/gpio.o
 .debug_macro   0x000000000000df96     0x3659 Core/Src/gpio.o
 .debug_macro   0x00000000000115ef      0x174 Core/Src/gpio.o
 .debug_macro   0x0000000000011763       0x5c Core/Src/gpio.o
 .debug_macro   0x00000000000117bf      0x447 Core/Src/gpio.o
 .debug_macro   0x0000000000011c06      0x9fe Core/Src/gpio.o
 .debug_macro   0x0000000000012604      0x117 Core/Src/gpio.o
 .debug_macro   0x000000000001271b      0x11b Core/Src/gpio.o
 .debug_macro   0x0000000000012836       0x82 Core/Src/gpio.o
 .debug_macro   0x00000000000128b8      0x15f Core/Src/gpio.o
 .debug_macro   0x0000000000012a17      0x287 Core/Src/gpio.o
 .debug_macro   0x0000000000012c9e       0x5f Core/Src/gpio.o
 .debug_macro   0x0000000000012cfd      0x236 Core/Src/gpio.o
 .debug_macro   0x0000000000012f33      0x132 Core/Src/gpio.o
 .debug_macro   0x0000000000013065      0x264 Core/Src/gpio.o
 .debug_macro   0x00000000000132c9       0x2e Core/Src/gpio.o
 .debug_macro   0x00000000000132f7      0x11a Core/Src/gpio.o
 .debug_macro   0x0000000000013411       0x85 Core/Src/gpio.o
 .debug_macro   0x0000000000013496       0x89 Core/Src/gpio.o
 .debug_macro   0x000000000001351f      0x225 Core/Src/gpio.o
 .debug_macro   0x0000000000013744      0x126 Core/Src/gpio.o
 .debug_macro   0x000000000001386a       0x1c Core/Src/gpio.o
 .debug_macro   0x0000000000013886      0x1ea Core/Src/main.o
 .debug_macro   0x0000000000013a70      0x106 Core/Src/main.o
 .debug_macro   0x0000000000013b76      0x1d3 Core/Src/spi.o
 .debug_macro   0x0000000000013d49      0x1c9 Core/Src/stm32f4xx_hal_msp.o
 .debug_macro   0x0000000000013f12      0x1d3 Core/Src/stm32f4xx_it.o
 .debug_macro   0x00000000000140e5      0x1ba Core/Src/system_stm32f4xx.o
 .debug_macro   0x000000000001429f      0x21a Drivers/STM32F4xx_HAL_Driver/Src/stm32f4xx_hal.o
 .debug_macro   0x00000000000144b9      0x1ba Drivers/STM32F4xx_HAL_Driver/Src/stm32f4xx_hal_cortex.o
 .debug_macro   0x0000000000014673      0x1c0 Drivers/STM32F4xx_HAL_Driver/Src/stm32f4xx_hal_gpio.o
 .debug_macro   0x0000000000014833      0x1de Drivers/STM32F4xx_HAL_Driver/Src/stm32f4xx_hal_rcc.o
 .debug_macro   0x0000000000014a11      0x1c9 Drivers/STM32F4xx_HAL_Driver/Src/stm32f4xx_hal_spi.o
 .debug_macro   0x0000000000014bda      0x1e2 nRF24L01+/nrf24l01p.o
 .debug_macro   0x0000000000014dbc      0x100 nRF24L01+/nrf24l01p.o

.debug_line     0x0000000000000000     0x80ec
 .debug_line    0x0000000000000000      0x6a4 Core/Src/gpio.o
 .debug_line    0x00000000000006a4      0x78c Core/Src/main.o
 .debug_line    0x0000000000000e30      0x706 Core/Src/spi.o
 .debug_line    0x0000000000001536      0x695 Core/Src/stm32f4xx_hal_msp.o
 .debug_line    0x0000000000001bcb      0x757 Core/Src/stm32f4xx_it.o
 .debug_line    0x0000000000002322      0x716 Core/Src/system_stm32f4xx.o
 .debug_line    0x0000000000002a38       0x88 Core/Startup/startup_stm32f411ceux.o
 .debug_line    0x0000000000002ac0      0x97c Drivers/STM32F4xx_HAL_Driver/Src/stm32f4xx_hal.o
 .debug_line    0x000000000000343c      0xc2b Drivers/STM32F4xx_HAL_Driver/Src/stm32f4xx_hal_cortex.o
 .debug_line    0x0000000000004067      0xab8 Drivers/STM32F4xx_HAL_Driver/Src/stm32f4xx_hal_gpio.o
 .debug_line    0x0000000000004b1f      0xcf6 Drivers/STM32F4xx_HAL_Driver/Src/stm32f4xx_hal_rcc.o
 .debug_line    0x0000000000005815     0x1c04 Drivers/STM32F4xx_HAL_Driver/Src/stm32f4xx_hal_spi.o
 .debug_line    0x0000000000007419      0xcd3 nRF24L01+/nrf24l01p.o

.debug_str      0x0000000000000000    0x813b3
 .debug_str     0x0000000000000000    0x7ead9 Core/Src/gpio.o
                                      0x7ed5c (size before relaxing)
 .debug_str     0x000000000007ead9      0xa9d Core/Src/main.o
                                      0x7f7ab (size before relaxing)
 .debug_str     0x000000000007f576       0x4b Core/Src/spi.o
                                      0x7f1b9 (size before relaxing)
 .debug_str     0x000000000007f5c1       0x2c Core/Src/stm32f4xx_hal_msp.o
                                      0x7ecbf (size before relaxing)
 .debug_str     0x000000000007f5ed       0xbd Core/Src/stm32f4xx_it.o
                                      0x7ec3b (size before relaxing)
 .debug_str     0x000000000007f6aa       0xaf Core/Src/system_stm32f4xx.o
                                      0x7ece5 (size before relaxing)
 .debug_str     0x000000000007f759       0x36 Core/Startup/startup_stm32f411ceux.o
                                         0x8d (size before relaxing)
 .debug_str     0x000000000007f78f      0x90f Drivers/STM32F4xx_HAL_Driver/Src/stm32f4xx_hal.o
                                      0x7f66f (size before relaxing)
 .debug_str     0x000000000008009e      0x399 Drivers/STM32F4xx_HAL_Driver/Src/stm32f4xx_hal_cortex.o
                                      0x7f44c (size before relaxing)
 .debug_str     0x0000000000080437      0x15f Drivers/STM32F4xx_HAL_Driver/Src/stm32f4xx_hal_gpio.o
                                      0x7ee8c (size before relaxing)
 .debug_str     0x0000000000080596      0x259 Drivers/STM32F4xx_HAL_Driver/Src/stm32f4xx_hal_rcc.o
                                      0x7f0e7 (size before relaxing)
 .debug_str     0x00000000000807ef      0x584 Drivers/STM32F4xx_HAL_Driver/Src/stm32f4xx_hal_spi.o
                                      0x7f577 (size before relaxing)
 .debug_str     0x0000000000080d73      0x640 nRF24L01+/nrf24l01p.o
                                      0x7fbc4 (size before relaxing)

.comment        0x0000000000000000       0x53
 .comment       0x0000000000000000       0x53 Core/Src/gpio.o
                                         0x54 (size before relaxing)
 .comment       0x0000000000000053       0x54 Core/Src/main.o
 .comment       0x0000000000000053       0x54 Core/Src/spi.o
 .comment       0x0000000000000053       0x54 Core/Src/stm32f4xx_hal_msp.o
 .comment       0x0000000000000053       0x54 Core/Src/stm32f4xx_it.o
 .comment       0x0000000000000053       0x54 Core/Src/system_stm32f4xx.o
 .comment       0x0000000000000053       0x54 Drivers/STM32F4xx_HAL_Driver/Src/stm32f4xx_hal.o
 .comment       0x0000000000000053       0x54 Drivers/STM32F4xx_HAL_Driver/Src/stm32f4xx_hal_cortex.o
 .comment       0x0000000000000053       0x54 Drivers/STM32F4xx_HAL_Driver/Src/stm32f4xx_hal_gpio.o
 .comment       0x0000000000000053       0x54 Drivers/STM32F4xx_HAL_Driver/Src/stm32f4xx_hal_rcc.o
 .comment       0x0000000000000053       0x54 Drivers/STM32F4xx_HAL_Driver/Src/stm32f4xx_hal_spi.o
 .comment       0x0000000000000053       0x54 nRF24L01+/nrf24l01p.o

.debug_frame    0x0000000000000000     0x1dcc
 .debug_frame   0x0000000000000000       0x34 Core/Src/gpio.o
 .debug_frame   0x0000000000000034       0x68 Core/Src/main.o
 .debug_frame   0x000000000000009c       0x74 Core/Src/spi.o
 .debug_frame   0x0000000000000110       0x38 Core/Src/stm32f4xx_hal_msp.o
 .debug_frame   0x0000000000000148      0x104 Core/Src/stm32f4xx_it.o
 .debug_frame   0x000000000000024c       0x58 Core/Src/system_stm32f4xx.o
 .debug_frame   0x00000000000002a4      0x374 Drivers/STM32F4xx_HAL_Driver/Src/stm32f4xx_hal.o
 .debug_frame   0x0000000000000618      0x498 Drivers/STM32F4xx_HAL_Driver/Src/stm32f4xx_hal_cortex.o
 .debug_frame   0x0000000000000ab0      0x14c Drivers/STM32F4xx_HAL_Driver/Src/stm32f4xx_hal_gpio.o
 .debug_frame   0x0000000000000bfc      0x1ec Drivers/STM32F4xx_HAL_Driver/Src/stm32f4xx_hal_rcc.o
 .debug_frame   0x0000000000000de8      0x824 Drivers/STM32F4xx_HAL_Driver/Src/stm32f4xx_hal_spi.o
 .debug_frame   0x000000000000160c      0x714 nRF24L01+/nrf24l01p.o
 .debug_frame   0x0000000000001d20       0x2c c:/st/stm32cubeide_1.6.1/stm32cubeide/plugins/com.st.stm32cube.ide.mcu.externaltools.gnu-tools-for-stm32.9-2020-q2-update.win32_1.5.0.202011040924/tools/bin/../lib/gcc/arm-none-eabi/9.3.1/../../../../arm-none-eabi/lib/thumb/v7e-m+fp/hard\libc_nano.a(lib_a-init.o)
 .debug_frame   0x0000000000001d4c       0x20 c:/st/stm32cubeide_1.6.1/stm32cubeide/plugins/com.st.stm32cube.ide.mcu.externaltools.gnu-tools-for-stm32.9-2020-q2-update.win32_1.5.0.202011040924/tools/bin/../lib/gcc/arm-none-eabi/9.3.1/../../../../arm-none-eabi/lib/thumb/v7e-m+fp/hard\libc_nano.a(lib_a-memset.o)
 .debug_frame   0x0000000000001d6c       0x2c c:/st/stm32cubeide_1.6.1/stm32cubeide/plugins/com.st.stm32cube.ide.mcu.externaltools.gnu-tools-for-stm32.9-2020-q2-update.win32_1.5.0.202011040924/tools/bin/../lib/gcc/arm-none-eabi/9.3.1/thumb/v7e-m+fp/hard\libgcc.a(_aeabi_uldivmod.o)
 .debug_frame   0x0000000000001d98       0x34 c:/st/stm32cubeide_1.6.1/stm32cubeide/plugins/com.st.stm32cube.ide.mcu.externaltools.gnu-tools-for-stm32.9-2020-q2-update.win32_1.5.0.202011040924/tools/bin/../lib/gcc/arm-none-eabi/9.3.1/thumb/v7e-m+fp/hard\libgcc.a(_udivmoddi4.o)
